15:40:12 **** Incremental Build of configuration Debug for project PRJ_001 ****
make -j4 all 
arm-none-eabi-g++ "../Core/Src/main.cpp" -mcpu=cortex-m4 -std=gnu++14 -g3 -DDEBUG -DUSE_HAL_DRIVER -DSTM32F401xE -c -I../Core/Inc -I../Drivers/STM32F4xx_HAL_Driver/Inc -I../Drivers/STM32F4xx_HAL_Driver/Inc/Legacy -I../Drivers/CMSIS/Device/ST/STM32F4xx/Include -I../Drivers/CMSIS/Include -O0 -ffunction-sections -fdata-sections -fno-exceptions -fno-rtti -fno-use-cxa-atexit -Wall -fstack-usage -fcyclomatic-complexity -MMD -MP -MF"Core/Src/main.d" -MT"Core/Src/main.o" --specs=nano.specs -mfpu=fpv4-sp-d16 -mfloat-abi=hard -mthumb -o "Core/Src/main.o"
In file included from ../Core/Src/i2c_lcd2.h:15,
                 from ../Core/Src/Device.h:13,
                 from ../Core/Src/Room.h:11,
                 from ../Core/Src/main.cpp:23:
../Core/Src/stm32f411.h:54: warning: "GPIOA" redefined
   54 | #define GPIOA   ((GPIO_RegDef_t*)GPIOA_BASE_ADDR)
      | 
In file included from ../Drivers/CMSIS/Device/ST/STM32F4xx/Include/stm32f4xx.h:146,
                 from ../Drivers/STM32F4xx_HAL_Driver/Inc/stm32f4xx_hal_def.h:29,
                 from ../Drivers/STM32F4xx_HAL_Driver/Inc/stm32f4xx_hal_rcc.h:27,
                 from ../Core/Inc/stm32f4xx_hal_conf.h:275,
                 from ../Drivers/STM32F4xx_HAL_Driver/Inc/stm32f4xx_hal.h:29,
                 from ../Core/Inc/main.h:30,
                 from ../Core/Src/main.cpp:20:
../Drivers/CMSIS/Device/ST/STM32F4xx/Include/stm32f401xe.h:779: note: this is the location of the previous definition
  779 | #define GPIOA               ((GPIO_TypeDef *) GPIOA_BASE)
      | 
../Core/Src/stm32f411.h:55: warning: "GPIOB" redefined
   55 | #define GPIOB   ((GPIO_RegDef_t*)GPIOB_BASE_ADDR)
      | 
../Drivers/CMSIS/Device/ST/STM32F4xx/Include/stm32f401xe.h:780: note: this is the location of the previous definition
  780 | #define GPIOB               ((GPIO_TypeDef *) GPIOB_BASE)
      | 
../Core/Src/stm32f411.h:56: warning: "GPIOC" redefined
   56 | #define GPIOC   ((GPIO_RegDef_t*)GPIOC_BASE_ADDR)
      | 
../Drivers/CMSIS/Device/ST/STM32F4xx/Include/stm32f401xe.h:781: note: this is the location of the previous definition
  781 | #define GPIOC               ((GPIO_TypeDef *) GPIOC_BASE)
      | 
../Core/Src/stm32f411.h:57: warning: "GPIOD" redefined
   57 | #define GPIOD   ((GPIO_RegDef_t*)GPIOD_BASE_ADDR)
      | 
../Drivers/CMSIS/Device/ST/STM32F4xx/Include/stm32f401xe.h:782: note: this is the location of the previous definition
  782 | #define GPIOD               ((GPIO_TypeDef *) GPIOD_BASE)
      | 
../Core/Src/stm32f411.h:59: warning: "GPIOE" redefined
   59 | #define GPIOE   ((GPIO_RegDef_t*)GPIOE_BASE_ADDR)
      | 
../Drivers/CMSIS/Device/ST/STM32F4xx/Include/stm32f401xe.h:783: note: this is the location of the previous definition
  783 | #define GPIOE               ((GPIO_TypeDef *) GPIOE_BASE)
      | 
../Core/Src/stm32f411.h:98: warning: "RCC" redefined
   98 | #define RCC ((RCC_RegDef_t*)RCC_BASE_ADDR)
      | 
../Drivers/CMSIS/Device/ST/STM32F4xx/Include/stm32f401xe.h:786: note: this is the location of the previous definition
  786 | #define RCC                 ((RCC_TypeDef *) RCC_BASE)
      | 
In file included from ../Core/Src/stm32f411.h:166:
../Core/Src/I2C_u.h:34: warning: "I2C1" redefined
   34 | #define I2C1                ((I2C_RegDef_t*)I2C1_BASE_ADD)
      | 
../Drivers/CMSIS/Device/ST/STM32F4xx/Include/stm32f401xe.h:760: note: this is the location of the previous definition
  760 | #define I2C1                ((I2C_TypeDef *) I2C1_BASE)
      | 
../Core/Src/I2C_u.h:35: warning: "I2C2" redefined
   35 | #define I2C2                ((I2C_RegDef_t*)I2C1_BASE_ADD)
      | 
../Drivers/CMSIS/Device/ST/STM32F4xx/Include/stm32f401xe.h:761: note: this is the location of the previous definition
  761 | #define I2C2                ((I2C_TypeDef *) I2C2_BASE)
      | 
../Core/Src/I2C_u.h:36: warning: "I2C3" redefined
   36 | #define I2C3                ((I2C_RegDef_t*)I2C1_BASE_ADD)
      | 
../Drivers/CMSIS/Device/ST/STM32F4xx/Include/stm32f401xe.h:762: note: this is the location of the previous definition
  762 | #define I2C3                ((I2C_TypeDef *) I2C3_BASE)
      | 
../Core/Src/I2C_u.h:51: warning: "I2C_CR1_PE" redefined
   51 | #define I2C_CR1_PE          1
      | 
../Drivers/CMSIS/Device/ST/STM32F4xx/Include/stm32f401xe.h:3534: note: this is the location of the previous definition
 3534 | #define I2C_CR1_PE                I2C_CR1_PE_Msk                               /*!<Peripheral Enable                             */
      | 
../Core/Src/I2C_u.h:53: warning: "I2C_CR1_START" redefined
   53 | #define I2C_CR1_START       8
      | 
../Drivers/CMSIS/Device/ST/STM32F4xx/Include/stm32f401xe.h:3555: note: this is the location of the previous definition
 3555 | #define I2C_CR1_START             I2C_CR1_START_Msk                            /*!<Start Generation                              */
      | 
../Core/Src/I2C_u.h:54: warning: "I2C_CR1_STOP" redefined
   54 | #define I2C_CR1_STOP        9
      | 
../Drivers/CMSIS/Device/ST/STM32F4xx/Include/stm32f401xe.h:3558: note: this is the location of the previous definition
 3558 | #define I2C_CR1_STOP              I2C_CR1_STOP_Msk                             /*!<Stop Generation                               */
      | 
../Core/Src/I2C_u.h:55: warning: "I2C_CR1_ACK" redefined
   55 | #define I2C_CR1_ACK         10
      | 
../Drivers/CMSIS/Device/ST/STM32F4xx/Include/stm32f401xe.h:3561: note: this is the location of the previous definition
 3561 | #define I2C_CR1_ACK               I2C_CR1_ACK_Msk                              /*!<Acknowledge Enable                            */
      | 
../Core/Src/I2C_u.h:56: warning: "I2C_CR1_SWRST" redefined
   56 | #define I2C_CR1_SWRST       15
      | 
../Drivers/CMSIS/Device/ST/STM32F4xx/Include/stm32f401xe.h:3573: note: this is the location of the previous definition
 3573 | #define I2C_CR1_SWRST             I2C_CR1_SWRST_Msk                            /*!<Software Reset                                */
      | 
../Core/Src/I2C_u.h:59: warning: "I2C_CR2_FREQ" redefined
   59 | #define I2C_CR2_FREQ        0
      | 
../Drivers/CMSIS/Device/ST/STM32F4xx/Include/stm32f401xe.h:3578: note: this is the location of the previous definition
 3578 | #define I2C_CR2_FREQ              I2C_CR2_FREQ_Msk                             /*!<FREQ[5:0] bits (Peripheral Clock Frequency)   */
      | 
../Core/Src/I2C_u.h:60: warning: "I2C_CR2_ITERREN" redefined
   60 | #define I2C_CR2_ITERREN     8
      | 
../Drivers/CMSIS/Device/ST/STM32F4xx/Include/stm32f401xe.h:3588: note: this is the location of the previous definition
 3588 | #define I2C_CR2_ITERREN           I2C_CR2_ITERREN_Msk                          /*!<Error Interrupt Enable  */
      | 
../Core/Src/I2C_u.h:61: warning: "I2C_CR2_ITEVTEN" redefined
   61 | #define I2C_CR2_ITEVTEN     9
      | 
../Drivers/CMSIS/Device/ST/STM32F4xx/Include/stm32f401xe.h:3591: note: this is the location of the previous definition
 3591 | #define I2C_CR2_ITEVTEN           I2C_CR2_ITEVTEN_Msk                          /*!<Event Interrupt Enable  */
      | 
../Core/Src/I2C_u.h:62: warning: "I2C_CR2_ITBUFEN" redefined
   62 | #define I2C_CR2_ITBUFEN     10
      | 
../Drivers/CMSIS/Device/ST/STM32F4xx/Include/stm32f401xe.h:3594: note: this is the location of the previous definition
 3594 | #define I2C_CR2_ITBUFEN           I2C_CR2_ITBUFEN_Msk                          /*!<Buffer Interrupt Enable */
      | 
../Core/Src/I2C_u.h:65: warning: "I2C_OAR1_ADD0" redefined
   65 | #define I2C_OAR1_ADD0       0
      | 
../Drivers/CMSIS/Device/ST/STM32F4xx/Include/stm32f401xe.h:3608: note: this is the location of the previous definition
 3608 | #define I2C_OAR1_ADD0             I2C_OAR1_ADD0_Msk                            /*!<Bit 0 */
      | 
../Core/Src/I2C_u.h:66: warning: "I2C_OAR1_ADD7" redefined
   66 | #define I2C_OAR1_ADD7       1
      | 
../Drivers/CMSIS/Device/ST/STM32F4xx/Include/stm32f401xe.h:3629: note: this is the location of the previous definition
 3629 | #define I2C_OAR1_ADD7             I2C_OAR1_ADD7_Msk                            /*!<Bit 7 */
      | 
../Core/Src/I2C_u.h:68: warning: "I2C_OAR1_ADDMODE" redefined
   68 | #define I2C_OAR1_ADDMODE    15
      | 
../Drivers/CMSIS/Device/ST/STM32F4xx/Include/stm32f401xe.h:3639: note: this is the location of the previous definition
 3639 | #define I2C_OAR1_ADDMODE          I2C_OAR1_ADDMODE_Msk                         /*!<Addressing Mode (Slave mode) */
      | 
../Core/Src/I2C_u.h:71: warning: "I2C_SR1_SB" redefined
   71 | #define I2C_SR1_SB          0
      | 
../Drivers/CMSIS/Device/ST/STM32F4xx/Include/stm32f401xe.h:3657: note: this is the location of the previous definition
 3657 | #define I2C_SR1_SB                I2C_SR1_SB_Msk                               /*!<Start Bit (Master mode)                         */
      | 
../Core/Src/I2C_u.h:72: warning: "I2C_SR1_ADDR" redefined
   72 | #define I2C_SR1_ADDR        1
      | 
../Drivers/CMSIS/Device/ST/STM32F4xx/Include/stm32f401xe.h:3660: note: this is the location of the previous definition
 3660 | #define I2C_SR1_ADDR              I2C_SR1_ADDR_Msk                             /*!<Address sent (master mode)/matched (slave mode) */
      | 
../Core/Src/I2C_u.h:73: warning: "I2C_SR1_BTF" redefined
   73 | #define I2C_SR1_BTF         2
      | 
../Drivers/CMSIS/Device/ST/STM32F4xx/Include/stm32f401xe.h:3663: note: this is the location of the previous definition
 3663 | #define I2C_SR1_BTF               I2C_SR1_BTF_Msk                              /*!<Byte Transfer Finished                          */
      | 
../Core/Src/I2C_u.h:74: warning: "I2C_SR1_ADD10" redefined
   74 | #define I2C_SR1_ADD10       3
      | 
../Drivers/CMSIS/Device/ST/STM32F4xx/Include/stm32f401xe.h:3666: note: this is the location of the previous definition
 3666 | #define I2C_SR1_ADD10             I2C_SR1_ADD10_Msk                            /*!<10-bit header sent (Master mode)                */
      | 
../Core/Src/I2C_u.h:75: warning: "I2C_SR1_STOPF" redefined
   75 | #define I2C_SR1_STOPF       4
      | 
../Drivers/CMSIS/Device/ST/STM32F4xx/Include/stm32f401xe.h:3669: note: this is the location of the previous definition
 3669 | #define I2C_SR1_STOPF             I2C_SR1_STOPF_Msk                            /*!<Stop detection (Slave mode)                     */
      | 
../Core/Src/I2C_u.h:78: warning: "I2C_SR1_BERR" redefined
   78 | #define I2C_SR1_BERR        8
      | 
../Drivers/CMSIS/Device/ST/STM32F4xx/Include/stm32f401xe.h:3678: note: this is the location of the previous definition
 3678 | #define I2C_SR1_BERR              I2C_SR1_BERR_Msk                             /*!<Bus Error                                       */
      | 
../Core/Src/I2C_u.h:79: warning: "I2C_SR1_ARLO" redefined
   79 | #define I2C_SR1_ARLO        9
      | 
../Drivers/CMSIS/Device/ST/STM32F4xx/Include/stm32f401xe.h:3681: note: this is the location of the previous definition
 3681 | #define I2C_SR1_ARLO              I2C_SR1_ARLO_Msk                             /*!<Arbitration Lost (master mode)                  */
      | 
../Core/Src/I2C_u.h:80: warning: "I2C_SR1_AF" redefined
   80 | #define I2C_SR1_AF          10
      | 
../Drivers/CMSIS/Device/ST/STM32F4xx/Include/stm32f401xe.h:3684: note: this is the location of the previous definition
 3684 | #define I2C_SR1_AF                I2C_SR1_AF_Msk                               /*!<Acknowledge Failure                             */
      | 
../Core/Src/I2C_u.h:81: warning: "I2C_SR1_OVR" redefined
   81 | #define I2C_SR1_OVR         11
      | 
../Drivers/CMSIS/Device/ST/STM32F4xx/Include/stm32f401xe.h:3687: note: this is the location of the previous definition
 3687 | #define I2C_SR1_OVR               I2C_SR1_OVR_Msk                              /*!<Overrun/Underrun                                */
      | 
../Core/Src/I2C_u.h:85: warning: "I2C_SR2_MSL" redefined
   85 | #define I2C_SR2_MSL         0
      | 
../Drivers/CMSIS/Device/ST/STM32F4xx/Include/stm32f401xe.h:3701: note: this is the location of the previous definition
 3701 | #define I2C_SR2_MSL               I2C_SR2_MSL_Msk                              /*!<Master/Slave                                    */
      | 
../Core/Src/I2C_u.h:86: warning: "I2C_SR2_BUSY" redefined
   86 | #define I2C_SR2_BUSY        1
      | 
../Drivers/CMSIS/Device/ST/STM32F4xx/Include/stm32f401xe.h:3704: note: this is the location of the previous definition
 3704 | #define I2C_SR2_BUSY              I2C_SR2_BUSY_Msk                             /*!<Bus Busy                                        */
      | 
../Core/Src/I2C_u.h:87: warning: "I2C_SR2_TRA" redefined
   87 | #define I2C_SR2_TRA         2
      | 
../Drivers/CMSIS/Device/ST/STM32F4xx/Include/stm32f401xe.h:3707: note: this is the location of the previous definition
 3707 | #define I2C_SR2_TRA               I2C_SR2_TRA_Msk                              /*!<Transmitter/Receiver                            */
      | 
../Core/Src/I2C_u.h:88: warning: "I2C_SR2_DUALF" redefined
   88 | #define I2C_SR2_DUALF       7
      | 
../Drivers/CMSIS/Device/ST/STM32F4xx/Include/stm32f401xe.h:3719: note: this is the location of the previous definition
 3719 | #define I2C_SR2_DUALF             I2C_SR2_DUALF_Msk                            /*!<Dual Flag (Slave mode)                          */
      | 
../Core/Src/I2C_u.h:91: warning: "I2C_CCR_CCR" redefined
   91 | #define I2C_CCR_CCR         0
      | 
../Drivers/CMSIS/Device/ST/STM32F4xx/Include/stm32f401xe.h:3727: note: this is the location of the previous definition
 3727 | #define I2C_CCR_CCR               I2C_CCR_CCR_Msk                              /*!<Clock Control Register in Fast/Standard mode (Master mode) */
      | 
../Core/Src/I2C_u.h:92: warning: "I2C_CCR_DUTY" redefined
   92 | #define I2C_CCR_DUTY        14
      | 
../Drivers/CMSIS/Device/ST/STM32F4xx/Include/stm32f401xe.h:3730: note: this is the location of the previous definition
 3730 | #define I2C_CCR_DUTY              I2C_CCR_DUTY_Msk                             /*!<Fast Mode Duty Cycle                                       */
      | 
../Core/Src/I2C_u.h:93: warning: "I2C_CCR_FS" redefined
   93 | #define I2C_CCR_FS          15
      | 
../Drivers/CMSIS/Device/ST/STM32F4xx/Include/stm32f401xe.h:3733: note: this is the location of the previous definition
 3733 | #define I2C_CCR_FS                I2C_CCR_FS_Msk                               /*!<I2C Master Mode Selection                                  */
      | 
In file included from ../Core/Src/stm32f411.h:167:
../Core/Src/USART.h:39: warning: "USART2" redefined
   39 | #define USART2          (USART_RegDef_t*)USART2_BASE_ADDR
      | 
../Drivers/CMSIS/Device/ST/STM32F4xx/Include/stm32f401xe.h:759: note: this is the location of the previous definition
  759 | #define USART2              ((USART_TypeDef *) USART2_BASE)
      | 
../Core/Src/USART.h:110: warning: "USART_SR_RXNE" redefined
  110 | #define USART_SR_RXNE        5
      | 
../Drivers/CMSIS/Device/ST/STM32F4xx/Include/stm32f401xe.h:6623: note: this is the location of the previous definition
 6623 | #define USART_SR_RXNE                 USART_SR_RXNE_Msk                        /*!<Read Data Register Not Empty */
      | 
../Core/Src/USART.h:111: warning: "USART_SR_TC" redefined
  111 | #define USART_SR_TC          6
      | 
../Drivers/CMSIS/Device/ST/STM32F4xx/Include/stm32f401xe.h:6626: note: this is the location of the previous definition
 6626 | #define USART_SR_TC                   USART_SR_TC_Msk                          /*!<Transmission Complete        */
      | 
In file included from ../Core/Src/stm32f411.h:169:
../Core/Src/Interrupt.h:33: warning: "SYSCFG" redefined
   33 | #define SYSCFG ((Syscfg_Reg_Def_t *)SYSCFG_BASEADDR)
      | 
../Drivers/CMSIS/Device/ST/STM32F4xx/Include/stm32f401xe.h:774: note: this is the location of the previous definition
  774 | #define SYSCFG              ((SYSCFG_TypeDef *) SYSCFG_BASE)
      | 
../Core/Src/Interrupt.h:44: warning: "EXTI" redefined
   44 | #define EXTI ((Exti_Reg_Def_t *)EXTI_BASEADDR)
      | 
../Drivers/CMSIS/Device/ST/STM32F4xx/Include/stm32f401xe.h:775: note: this is the location of the previous definition
  775 | #define EXTI                ((EXTI_TypeDef *) EXTI_BASE)
      | 
arm-none-eabi-g++ -o "PRJ_001.elf" @"objects.list"   -mcpu=cortex-m4 -T"C:\Users\Administrator\STM32CubeIDE\workspace_1.18.1\PRJ_001\STM32F401VEHX_FLASH.ld" --specs=nosys.specs -Wl,-Map="PRJ_001.map" -Wl,--gc-sections -static --specs=nano.specs -mfpu=fpv4-sp-d16 -mfloat-abi=hard -mthumb -Wl,--start-group -lc -lm -lstdc++ -lsupc++ -Wl,--end-group
Finished building target: PRJ_001.elf
 
arm-none-eabi-size  PRJ_001.elf 
arm-none-eabi-objdump -h -S PRJ_001.elf  > "PRJ_001.list"
arm-none-eabi-objcopy  -O ihex PRJ_001.elf  "PRJ_001.hex"
   text	   data	    bss	    dec	    hex	filename
   9788	     92	   2092	  11972	   2ec4	PRJ_001.elf
Finished building: default.size.stdout
 
Finished building: PRJ_001.hex
 
Finished building: PRJ_001.list
 

15:40:14 Build Finished. 0 errors, 42 warnings. (took 1s.880ms)

